============================= test session starts =============================
platform win32 -- Python 3.14.3, pytest-9.0.2, pluggy-1.6.0
rootdir: D:\agent-factory
configfile: pytest.ini
plugins: anyio-4.12.1
collected 23 items

test_hashline.py .                                                       [  4%]
tests\test_cross_schema.py .                                             [  8%]
tests\test_executor.py ...                                               [ 21%]
tests\test_factory_evolution.py ...                                      [ 34%]
tests\test_project_overrides.py ..                                       [ 43%]
tests\test_project_scope.py ...                                          [ 56%]
tests\test_registry.py .                                                 [ 60%]
tests\test_repo_shortcuts.py ..                                          [ 69%]
tests\test_run_build_separation.py ..                                    [ 78%]
tests\test_runner_contracts.py ...                                       [ 91%]
tests\test_signatures.py .                                               [ 95%]
tests\test_workflow_autonomy.py .                                        [100%]

============================== warnings summary ===============================
core\llm_engine.py:5
  D:\agent-factory\core\llm_engine.py:5: FutureWarning: 
  
  All support for the `google.generativeai` package has ended. It will no longer be receiving 
  updates or bug fixes. Please switch to the `google.genai` package as soon as possible.
  See README for more details:
  
  https://github.com/google-gemini/deprecated-generative-ai-python/blob/main/README.md
  
    import google.generativeai as genai

-- Docs: https://docs.pytest.org/en/stable/how-to/capture-warnings.html
======================== 23 passed, 1 warning in 4.28s ========================
